Copyright 1986-2022 Xilinx, Inc. All Rights Reserved. Copyright 2022-2025 Advanced Micro Devices, Inc. All Rights Reserved.
--------------------------------------------------------------------------------------------------------------------------------------------------------------------------------------------
| Tool Version : Vivado v.2025.2 (win64) Build 6299465 Fri Nov 14 19:35:11 GMT 2025
| Date         : Fri Oct  2 01:44:17 2026
| Host         : SafwanLenovo running 64-bit major release  (build 9200)
| Command      : report_timing_summary -file {C:/Users/user/OneDrive - Texas Tech University/Desktop/Code/FPGA Project/Genome Classifier/reports/model_v4_stream_core_synthesis_timing.rpt}
| Design       : batch_model_stream_core
| Device       : 7a100t-csg324
| Speed File   : -1  PRODUCTION 1.23 2018-06-13
| Design State : Synthesized
--------------------------------------------------------------------------------------------------------------------------------------------------------------------------------------------

Timing Summary Report

------------------------------------------------------------------------------------------------
| Timer Settings
| --------------
------------------------------------------------------------------------------------------------

  Enable Multi Corner Analysis               :  Yes
  Enable Pessimism Removal                   :  Yes
  Pessimism Removal Resolution               :  Nearest Common Node
  Enable Input Delay Default Clock           :  No
  Enable Preset / Clear Arcs                 :  No
  Disable Flight Delays                      :  No
  Ignore I/O Paths                           :  No
  Timing Early Launch at Borrowing Latches   :  No
  Borrow Time for Max Delay Exceptions       :  Yes
  Merge Timing Exceptions                    :  Yes
  Inter-SLR Compensation                     :  Conservative

  Corner  Analyze    Analyze    
  Name    Max Paths  Min Paths  
  ------  ---------  ---------  
  Slow    Yes        Yes        
  Fast    Yes        Yes        


------------------------------------------------------------------------------------------------
| Report Methodology
| ------------------
------------------------------------------------------------------------------------------------

No report available as report_methodology has not been run prior. Run report_methodology on the current design for the summary of methodology violations.



check_timing report

Table of Contents
-----------------
1. checking no_clock (0)
2. checking constant_clock (0)
3. checking pulse_width_clock (0)
4. checking unconstrained_internal_endpoints (0)
5. checking no_input_delay (130)
6. checking no_output_delay (34)
7. checking multiple_clock (0)
8. checking generated_clocks (0)
9. checking loops (0)
10. checking partial_input_delay (0)
11. checking partial_output_delay (0)
12. checking latch_loops (0)

1. checking no_clock (0)
------------------------
 There are 0 register/latch pins with no clock.


2. checking constant_clock (0)
------------------------------
 There are 0 register/latch pins with constant_clock.


3. checking pulse_width_clock (0)
---------------------------------
 There are 0 register/latch pins which need pulse_width check


4. checking unconstrained_internal_endpoints (0)
------------------------------------------------
 There are 0 pins that are not constrained for maximum delay.

 There are 0 pins that are not constrained for maximum delay due to constant clock.


5. checking no_input_delay (130)
--------------------------------
 There are 130 input ports with no input delay specified. (HIGH)

 There are 0 input ports with no input delay but user has a false path constraint.


6. checking no_output_delay (34)
--------------------------------
 There are 34 ports with no output delay specified. (HIGH)

 There are 0 ports with no output delay but user has a false path constraint

 There are 0 ports with no output delay but with a timing clock defined on it or propagating through it


7. checking multiple_clock (0)
------------------------------
 There are 0 register/latch pins with multiple clocks.


8. checking generated_clocks (0)
--------------------------------
 There are 0 generated clocks that are not connected to a clock source.


9. checking loops (0)
---------------------
 There are 0 combinational loops in the design.


10. checking partial_input_delay (0)
------------------------------------
 There are 0 input ports with partial input delay specified.


11. checking partial_output_delay (0)
-------------------------------------
 There are 0 ports with partial output delay specified.


12. checking latch_loops (0)
----------------------------
 There are 0 combinational latch loops in the design through latch input



------------------------------------------------------------------------------------------------
| Design Timing Summary
| ---------------------
------------------------------------------------------------------------------------------------

    WNS(ns)      TNS(ns)  TNS Failing Endpoints  TNS Total Endpoints      WHS(ns)      THS(ns)  THS Failing Endpoints  THS Total Endpoints     WPWS(ns)     TPWS(ns)  TPWS Failing Endpoints  TPWS Total Endpoints  
    -------      -------  ---------------------  -------------------      -------      -------  ---------------------  -------------------     --------     --------  ----------------------  --------------------  
      2.162        0.000                      0                29353        0.152        0.000                      0                29353        4.500        0.000                       0                 11771  


All user specified timing constraints are met.


------------------------------------------------------------------------------------------------
| Clock Summary
| -------------
------------------------------------------------------------------------------------------------

Clock  Waveform(ns)       Period(ns)      Frequency(MHz)
-----  ------------       ----------      --------------
clk    {0.000 5.000}      10.000          100.000         


------------------------------------------------------------------------------------------------
| Intra Clock Table
| -----------------
------------------------------------------------------------------------------------------------

Clock             WNS(ns)      TNS(ns)  TNS Failing Endpoints  TNS Total Endpoints      WHS(ns)      THS(ns)  THS Failing Endpoints  THS Total Endpoints     WPWS(ns)     TPWS(ns)  TPWS Failing Endpoints  TPWS Total Endpoints  
-----             -------      -------  ---------------------  -------------------      -------      -------  ---------------------  -------------------     --------     --------  ----------------------  --------------------  
clk                 2.162        0.000                      0                29353        0.152        0.000                      0                29353        4.500        0.000                       0                 11771  


------------------------------------------------------------------------------------------------
| Inter Clock Table
| -----------------
------------------------------------------------------------------------------------------------

From Clock    To Clock          WNS(ns)      TNS(ns)  TNS Failing Endpoints  TNS Total Endpoints      WHS(ns)      THS(ns)  THS Failing Endpoints  THS Total Endpoints  
----------    --------          -------      -------  ---------------------  -------------------      -------      -------  ---------------------  -------------------  


------------------------------------------------------------------------------------------------
| Other Path Groups Table
| -----------------------
------------------------------------------------------------------------------------------------

Path Group    From Clock    To Clock          WNS(ns)      TNS(ns)  TNS Failing Endpoints  TNS Total Endpoints      WHS(ns)      THS(ns)  THS Failing Endpoints  THS Total Endpoints  
----------    ----------    --------          -------      -------  ---------------------  -------------------      -------      -------  ---------------------  -------------------  


------------------------------------------------------------------------------------------------
| Timing Details
| --------------
------------------------------------------------------------------------------------------------


---------------------------------------------------------------------------------------------------
From Clock:  clk
  To Clock:  clk

Setup :            0  Failing Endpoints,  Worst Slack        2.162ns,  Total Violation        0.000ns
Hold  :            0  Failing Endpoints,  Worst Slack        0.152ns,  Total Violation        0.000ns
PW    :            0  Failing Endpoints,  Worst Slack        4.500ns,  Total Violation        0.000ns
---------------------------------------------------------------------------------------------------


Max Delay Paths
--------------------------------------------------------------------------------------
Slack (MET) :             2.162ns  (required time - arrival time)
  Source:                 output_lane[13].input_lane[2].multiplied_reg/CLK
                            (rising edge-triggered cell DSP48E1 clocked by clk  {rise@0.000ns fall@5.000ns period=10.000ns})
  Destination:            outputs_reg[13][29]/D
                            (rising edge-triggered cell FDRE clocked by clk  {rise@0.000ns fall@5.000ns period=10.000ns})
  Path Group:             clk
  Path Type:              Setup (Max at Slow Process Corner)
  Requirement:            10.000ns  (clk rise@10.000ns - clk rise@0.000ns)
  Data Path Delay:        7.734ns  (logic 4.529ns (58.561%)  route 3.205ns (41.439%))
  Logic Levels:           15  (CARRY4=9 LUT3=1 LUT4=2 LUT5=2 LUT6=1)
  Clock Path Skew:        -0.145ns (DCD - SCD + CPR)
    Destination Clock Delay (DCD):    2.130ns = ( 12.130 - 10.000 ) 
    Source Clock Delay      (SCD):    2.454ns
    Clock Pessimism Removal (CPR):    0.179ns
  Clock Uncertainty:      0.035ns  ((TSJ^2 + TIJ^2)^1/2 + DJ) / 2 + PE
    Total System Jitter     (TSJ):    0.071ns
    Total Input Jitter      (TIJ):    0.000ns
    Discrete Jitter          (DJ):    0.000ns
    Phase Error              (PE):    0.000ns

    Location             Delay type                Incr(ns)  Path(ns)    Netlist Resource(s)
  -------------------------------------------------------------------    -------------------
                         (clock clk rise edge)        0.000     0.000 r  
                                                      0.000     0.000 r  clk (IN)
                         net (fo=0)                   0.000     0.000    clk
                         IBUF (Prop_ibuf_I_O)         0.971     0.971 r  clk_IBUF_inst/O
                         net (fo=1, unplaced)         0.803     1.774    clk_IBUF
                         BUFG (Prop_bufg_I_O)         0.096     1.870 r  clk_IBUF_BUFG_inst/O
                         net (fo=11770, unplaced)     0.584     2.454    clk_IBUF_BUFG
                         DSP48E1                                      r  output_lane[13].input_lane[2].multiplied_reg/CLK
  -------------------------------------------------------------------    -------------------
                         DSP48E1 (Prop_dsp48e1_CLK_P[4])
                                                      0.434     2.888 r  output_lane[13].input_lane[2].multiplied_reg/P[4]
                         net (fo=3, unplaced)         0.803     3.691    output_lane[13].input_lane[2].multiplied_reg_n_101
                         LUT3 (Prop_lut3_I2_O)        0.124     3.815 r  accumulator[13][4]_i_17/O
                         net (fo=2, unplaced)         0.460     4.275    accumulator[13][4]_i_17_n_0
                         LUT5 (Prop_lut5_I1_O)        0.124     4.399 r  accumulator[13][4]_i_9/O
                         net (fo=2, unplaced)         0.460     4.859    accumulator[13][4]_i_9_n_0
                         LUT6 (Prop_lut6_I0_O)        0.124     4.983 r  accumulator[13][4]_i_13/O
                         net (fo=1, unplaced)         0.000     4.983    accumulator[13][4]_i_13_n_0
                         CARRY4 (Prop_carry4_S[1]_CO[3])
                                                      0.533     5.516 r  accumulator_reg[13][4]_i_2/CO[3]
                         net (fo=1, unplaced)         0.000     5.516    accumulator_reg[13][4]_i_2_n_0
                         CARRY4 (Prop_carry4_CI_CO[3])
                                                      0.117     5.633 r  accumulator_reg[13][8]_i_2/CO[3]
                         net (fo=1, unplaced)         0.000     5.633    accumulator_reg[13][8]_i_2_n_0
                         CARRY4 (Prop_carry4_CI_CO[3])
                                                      0.117     5.750 r  accumulator_reg[13][12]_i_2/CO[3]
                         net (fo=1, unplaced)         0.000     5.750    accumulator_reg[13][12]_i_2_n_0
                         CARRY4 (Prop_carry4_CI_O[1])
                                                      0.337     6.087 r  accumulator_reg[13][16]_i_2/O[1]
                         net (fo=33, unplaced)        0.384     6.471    accumulator_reg[13][16]_i_2_n_6
                         LUT4 (Prop_lut4_I0_O)        0.306     6.777 r  outputs[141][19]_i_6/O
                         net (fo=1, unplaced)         0.000     6.777    outputs[141][19]_i_6_n_0
                         CARRY4 (Prop_carry4_S[1]_CO[3])
                                                      0.533     7.310 r  outputs_reg[141][19]_i_1/CO[3]
                         net (fo=1, unplaced)         0.000     7.310    outputs_reg[141][19]_i_1_n_0
                         CARRY4 (Prop_carry4_CI_CO[3])
                                                      0.117     7.427 r  outputs_reg[141][23]_i_1/CO[3]
                         net (fo=1, unplaced)         0.000     7.427    outputs_reg[141][23]_i_1_n_0
                         CARRY4 (Prop_carry4_CI_O[1])
                                                      0.337     7.764 r  outputs_reg[141][27]_i_1/O[1]
                         net (fo=8, unplaced)         0.649     8.413    accumulated[13][25]
                         LUT5 (Prop_lut5_I0_O)        0.332     8.745 r  outputs[13][27]_i_12/O
                         net (fo=1, unplaced)         0.449     9.194    outputs[13][27]_i_12_n_0
                         LUT4 (Prop_lut4_I3_O)        0.124     9.318 r  outputs[13][27]_i_8/O
                         net (fo=1, unplaced)         0.000     9.318    outputs[13][27]_i_8_n_0
                         CARRY4 (Prop_carry4_S[1]_CO[3])
                                                      0.533     9.851 r  outputs_reg[13][27]_i_1/CO[3]
                         net (fo=1, unplaced)         0.000     9.851    outputs_reg[13][27]_i_1_n_0
                         CARRY4 (Prop_carry4_CI_O[1])
                                                      0.337    10.188 r  outputs_reg[13][31]_i_1/O[1]
                         net (fo=1, unplaced)         0.000    10.188    outputs_reg[13][31]_i_1_n_6
                         FDRE                                         r  outputs_reg[13][29]/D
  -------------------------------------------------------------------    -------------------

                         (clock clk rise edge)       10.000    10.000 r  
                                                      0.000    10.000 r  clk (IN)
                         net (fo=0)                   0.000    10.000    clk
                         IBUF (Prop_ibuf_I_O)         0.838    10.838 r  clk_IBUF_inst/O
                         net (fo=1, unplaced)         0.763    11.600    clk_IBUF
                         BUFG (Prop_bufg_I_O)         0.091    11.691 r  clk_IBUF_BUFG_inst/O
                         net (fo=11770, unplaced)     0.439    12.130    clk_IBUF_BUFG
                         FDRE                                         r  outputs_reg[13][29]/C
                         clock pessimism              0.179    12.309    
                         clock uncertainty           -0.035    12.274    
                         FDRE (Setup_fdre_C_D)        0.076    12.350    outputs_reg[13][29]
  -------------------------------------------------------------------
                         required time                         12.350    
                         arrival time                         -10.188    
  -------------------------------------------------------------------
                         slack                                  2.162    





Min Delay Paths
--------------------------------------------------------------------------------------
Slack (MET) :             0.152ns  (arrival time - required time)
  Source:                 bias_word_reg[0]/C
                            (rising edge-triggered cell FDRE clocked by clk  {rise@0.000ns fall@5.000ns period=10.000ns})
  Destination:            product_bias_reg[0]/D
                            (rising edge-triggered cell FDRE clocked by clk  {rise@0.000ns fall@5.000ns period=10.000ns})
  Path Group:             clk
  Path Type:              Hold (Min at Fast Process Corner)
  Requirement:            0.000ns  (clk rise@0.000ns - clk rise@0.000ns)
  Data Path Delay:        0.288ns  (logic 0.147ns (51.079%)  route 0.141ns (48.921%))
  Logic Levels:           0  
  Clock Path Skew:        0.145ns (DCD - SCD - CPR)
    Destination Clock Delay (DCD):    1.033ns
    Source Clock Delay      (SCD):    0.679ns
    Clock Pessimism Removal (CPR):    0.210ns

    Location             Delay type                Incr(ns)  Path(ns)    Netlist Resource(s)
  -------------------------------------------------------------------    -------------------
                         (clock clk rise edge)        0.000     0.000 r  
                                                      0.000     0.000 r  clk (IN)
                         net (fo=0)                   0.000     0.000    clk
                         IBUF (Prop_ibuf_I_O)         0.200     0.200 r  clk_IBUF_inst/O
                         net (fo=1, unplaced)         0.338     0.539    clk_IBUF
                         BUFG (Prop_bufg_I_O)         0.026     0.565 r  clk_IBUF_BUFG_inst/O
                         net (fo=11770, unplaced)     0.114     0.679    clk_IBUF_BUFG
                         FDRE                                         r  bias_word_reg[0]/C
  -------------------------------------------------------------------    -------------------
                         FDRE (Prop_fdre_C_Q)         0.147     0.826 r  bias_word_reg[0]/Q
                         net (fo=1, unplaced)         0.141     0.966    bias_word[0]
                         FDRE                                         r  product_bias_reg[0]/D
  -------------------------------------------------------------------    -------------------

                         (clock clk rise edge)        0.000     0.000 r  
                                                      0.000     0.000 r  clk (IN)
                         net (fo=0)                   0.000     0.000    clk
                         IBUF (Prop_ibuf_I_O)         0.389     0.389 r  clk_IBUF_inst/O
                         net (fo=1, unplaced)         0.356     0.745    clk_IBUF
                         BUFG (Prop_bufg_I_O)         0.029     0.774 r  clk_IBUF_BUFG_inst/O
                         net (fo=11770, unplaced)     0.259     1.033    clk_IBUF_BUFG
                         FDRE                                         r  product_bias_reg[0]/C
                         clock pessimism             -0.210     0.824    
                         FDRE (Hold_fdre_C_D)        -0.009     0.815    product_bias_reg[0]
  -------------------------------------------------------------------
                         required time                         -0.815    
                         arrival time                           0.966    
  -------------------------------------------------------------------
                         slack                                  0.152    





Pulse Width Checks
--------------------------------------------------------------------------------------
Clock Name:         clk
Waveform(ns):       { 0.000 5.000 }
Period(ns):         10.000
Sources:            { clk }

Check Type        Corner  Lib Pin      Reference Pin  Required(ns)  Actual(ns)  Slack(ns)  Location  Pin
Min Period        n/a     DSP48E1/CLK  n/a            3.884         10.000      6.116                output_lane[0].input_lane[0].multiplied_reg/CLK
Low Pulse Width   Slow    FDRE/C       n/a            0.500         5.000       4.500                FSM_sequential_state_reg[0]/C
High Pulse Width  Slow    FDRE/C       n/a            0.500         5.000       4.500                FSM_sequential_state_reg[0]/C



