Copyright 1986-2022 Xilinx, Inc. All Rights Reserved. Copyright 2022-2025 Advanced Micro Devices, Inc. All Rights Reserved.
----------------------------------------------------------------------------------------------------------------------------------------------------------------------------------------
| Tool Version     : Vivado v.2025.2 (win64) Build 6299465 Fri Nov 14 19:35:11 GMT 2025
| Date             : Sat Oct  3 04:20:57 2026
| Host             : SafwanLenovo running 64-bit major release  (build 9200)
| Command          : report_power -file {C:/Users/user/OneDrive - Texas Tech University/Desktop/Code/FPGA Project/Genome Classifier/reports/model_v4_stream_power_estimate.rpt}
| Design           : variant_triage_top_ethernet_stream
| Device           : xc7a100tcsg324-1
| Design State     : routed
| Grade            : commercial
| Process          : typical
| Characterization : Production
----------------------------------------------------------------------------------------------------------------------------------------------------------------------------------------

Power Report

Table of Contents
-----------------
1. Summary
1.1 On-Chip Components
1.2 Power Supply Summary
1.3 Confidence Level
2. Settings
2.1 Environment
2.2 Clock Constraints
3. Detailed Reports
3.1 By Hierarchy

1. Summary
----------

+--------------------------+--------------+
| Total On-Chip Power (W)  | 0.870        |
| Design Power Budget (W)  | Unspecified* |
| Power Budget Margin (W)  | NA           |
| Dynamic (W)              | 0.770        |
| Device Static (W)        | 0.101        |
| Effective TJA (C/W)      | 4.6          |
| Max Ambient (C)          | 81.0         |
| Junction Temperature (C) | 29.0         |
| Confidence Level         | Low          |
| Setting File             | ---          |
| Simulation Activity File | ---          |
| Design Nets Matched      | NA           |
+--------------------------+--------------+
* Specify Design Power Budget using, set_operating_conditions -design_power_budget <value in Watts>


1.1 On-Chip Components
----------------------

+--------------------------+-----------+----------+-----------+-----------------+
| On-Chip                  | Power (W) | Used     | Available | Utilization (%) |
+--------------------------+-----------+----------+-----------+-----------------+
| Clocks                   |     0.054 |        9 |       --- |             --- |
| Slice Logic              |     0.134 |    60926 |       --- |             --- |
|   LUT as Logic           |     0.118 |    30218 |     63400 |           47.66 |
|   CARRY4                 |     0.013 |     5693 |     15850 |           35.92 |
|   Register               |     0.003 |    22556 |    126800 |           17.79 |
|   F7/F8 Muxes            |    <0.001 |     1920 |     63400 |            3.03 |
|   LUT as Distributed RAM |    <0.001 |      104 |     19000 |            0.55 |
|   Others                 |     0.000 |       24 |       --- |             --- |
| Signals                  |     0.299 |    46241 |       --- |             --- |
| Block RAM                |     0.035 |       18 |       135 |           13.33 |
| MMCM                     |     0.106 |        1 |         6 |           16.67 |
| DSPs                     |     0.135 |      128 |       240 |           53.33 |
| I/O                      |     0.007 |       16 |       210 |            7.62 |
| Static Power             |     0.101 |          |           |                 |
| Total                    |     0.870 |          |           |                 |
+--------------------------+-----------+----------+-----------+-----------------+


1.2 Power Supply Summary
------------------------

+-----------+-------------+-----------+-------------+------------+-------------+-------------+------------+
| Source    | Voltage (V) | Total (A) | Dynamic (A) | Static (A) | Powerup (A) | Budget (A)  | Margin (A) |
+-----------+-------------+-----------+-------------+------------+-------------+-------------+------------+
| Vccint    |       1.000 |     0.672 |       0.654 |      0.018 |       NA    | Unspecified | NA         |
| Vccaux    |       1.800 |     0.077 |       0.059 |      0.018 |       NA    | Unspecified | NA         |
| Vcco33    |       3.300 |     0.006 |       0.002 |      0.004 |       NA    | Unspecified | NA         |
| Vcco25    |       2.500 |     0.000 |       0.000 |      0.000 |       NA    | Unspecified | NA         |
| Vcco18    |       1.800 |     0.000 |       0.000 |      0.000 |       NA    | Unspecified | NA         |
| Vcco15    |       1.500 |     0.000 |       0.000 |      0.000 |       NA    | Unspecified | NA         |
| Vcco135   |       1.350 |     0.000 |       0.000 |      0.000 |       NA    | Unspecified | NA         |
| Vcco12    |       1.200 |     0.000 |       0.000 |      0.000 |       NA    | Unspecified | NA         |
| Vccaux_io |       1.800 |     0.000 |       0.000 |      0.000 |       NA    | Unspecified | NA         |
| Vccbram   |       1.000 |     0.004 |       0.003 |      0.001 |       NA    | Unspecified | NA         |
| MGTAVcc   |       1.000 |     0.000 |       0.000 |      0.000 |       NA    | Unspecified | NA         |
| MGTAVtt   |       1.200 |     0.000 |       0.000 |      0.000 |       NA    | Unspecified | NA         |
| Vccadc    |       1.800 |     0.020 |       0.000 |      0.020 |       NA    | Unspecified | NA         |
+-----------+-------------+-----------+-------------+------------+-------------+-------------+------------+


1.3 Confidence Level
--------------------

+-----------------------------+------------+--------------------------------------------------------+------------------------------------------------------------------------------------------------------------+
| User Input Data             | Confidence | Details                                                | Action                                                                                                     |
+-----------------------------+------------+--------------------------------------------------------+------------------------------------------------------------------------------------------------------------+
| Design implementation state | High       | Design is routed                                       |                                                                                                            |
| Clock nodes activity        | High       | User specified more than 95% of clocks                 |                                                                                                            |
| I/O nodes activity          | Low        | More than 75% of inputs are missing user specification | Provide missing input activity with simulation results or by editing the "By Resource Type -> I/Os" view   |
| Internal nodes activity     | Medium     | User specified less than 25% of internal nodes         | Provide missing internal nodes activity with simulation results or by editing the "By Resource Type" views |
| Device models               | High       | Device models are Production                           |                                                                                                            |
|                             |            |                                                        |                                                                                                            |
| Overall confidence level    | Low        |                                                        |                                                                                                            |
+-----------------------------+------------+--------------------------------------------------------+------------------------------------------------------------------------------------------------------------+


2. Settings
-----------

2.1 Environment
---------------

+-----------------------+--------------------------+
| Ambient Temp (C)      | 25.0                     |
| ThetaJA (C/W)         | 4.6                      |
| Airflow (LFM)         | 250                      |
| Heat Sink             | medium (Medium Profile)  |
| ThetaSA (C/W)         | 4.6                      |
| Board Selection       | medium (10"x10")         |
| # of Board Layers     | 12to15 (12 to 15 Layers) |
| Board Temperature (C) | 25.0                     |
+-----------------------+--------------------------+


2.2 Clock Constraints
---------------------

+---------------------------+------------------------------------------------+-----------------+
| Clock                     | Domain                                         | Constraint (ns) |
+---------------------------+------------------------------------------------+-----------------+
| clk                       | clk                                            |            10.0 |
| clk                       | clk_IBUF_BUFG                                  |            10.0 |
| clk_out1_clk_wiz_ethernet | clock_generator/inst/clk_out1_clk_wiz_ethernet |            20.0 |
| clk_out2_clk_wiz_ethernet | clock_generator/inst/clk_out2_clk_wiz_ethernet |            20.0 |
| clk_out3_clk_wiz_ethernet | clock_generator/inst/clk_out3_clk_wiz_ethernet |            20.0 |
| clkfbout_clk_wiz_ethernet | clock_generator/inst/clkfbout_clk_wiz_ethernet |            10.0 |
+---------------------------+------------------------------------------------+-----------------+


3. Detailed Reports
-------------------

3.1 By Hierarchy
----------------

+------------------------------------+-----------+
| Name                               | Power (W) |
+------------------------------------+-----------+
| variant_triage_top_ethernet_stream |     0.770 |
|   batch_core.core                  |     0.640 |
|   batch_parser.parser              |     0.008 |
|   clock_generator                  |     0.107 |
|     inst                           |     0.107 |
|   receiver                         |     0.003 |
|   request_mailbox                  |     0.001 |
|   transmitter                      |     0.001 |
+------------------------------------+-----------+


