Copyright 1986-2022 Xilinx, Inc. All Rights Reserved. Copyright 2022-2025 Advanced Micro Devices, Inc. All Rights Reserved.
----------------------------------------------------------------------------------------------------------------------------------------------------------------------------------------------------------------------------------------------------------------------------------
| Tool Version : Vivado v.2025.2 (win64) Build 6299465 Fri Nov 14 19:35:11 GMT 2025
| Date         : Sat Oct  3 17:55:08 2026
| Host         : SafwanLenovo running 64-bit major release  (build 9200)
| Command      : report_timing -from [get_cells -hier -filter {NAME =~ *quarter_inputs* && REF_NAME =~ FD*}] -max_paths 5 -file {C:/Users/user/OneDrive - Texas Tech University/Desktop/Code/FPGA Project/Genome Classifier/reports/model_v4_200_activation_selection_timing.rpt}
| Design       : batch_model_200_core
| Device       : 7a100t-csg324
| Speed File   : -1  PRODUCTION 1.23 2018-06-13
| Design State : Synthesized
----------------------------------------------------------------------------------------------------------------------------------------------------------------------------------------------------------------------------------------------------------------------------------

Timing Report

Slack (MET) :             1.825ns  (required time - arrival time)
  Source:                 input_quarter[1].input_register[0].quarter_inputs_reg[1][0][7]/C
                            (rising edge-triggered cell FDRE clocked by clk  {rise@0.000ns fall@2.500ns period=5.000ns})
  Destination:            output_lane[0].input_lane[0].multiplied_reg/A[10]
                            (rising edge-triggered cell DSP48E1 clocked by clk  {rise@0.000ns fall@2.500ns period=5.000ns})
  Path Group:             clk
  Path Type:              Setup (Max at Slow Process Corner)
  Requirement:            5.000ns  (clk rise@5.000ns - clk rise@0.000ns)
  Data Path Delay:        2.633ns  (logic 0.773ns (29.360%)  route 1.860ns (70.640%))
  Logic Levels:           1  (LUT6=1)
  Clock Path Skew:        -0.145ns (DCD - SCD + CPR)
    Destination Clock Delay (DCD):    2.130ns = ( 7.130 - 5.000 ) 
    Source Clock Delay      (SCD):    2.454ns
    Clock Pessimism Removal (CPR):    0.179ns
  Clock Uncertainty:      0.035ns  ((TSJ^2 + TIJ^2)^1/2 + DJ) / 2 + PE
    Total System Jitter     (TSJ):    0.071ns
    Total Input Jitter      (TIJ):    0.000ns
    Discrete Jitter          (DJ):    0.000ns
    Phase Error              (PE):    0.000ns

    Location             Delay type                Incr(ns)  Path(ns)    Netlist Resource(s)
  -------------------------------------------------------------------    -------------------
                         (clock clk rise edge)        0.000     0.000 r  
                                                      0.000     0.000 r  clk (IN)
                         net (fo=0)                   0.000     0.000    clk
                         IBUF (Prop_ibuf_I_O)         0.971     0.971 r  clk_IBUF_inst/O
                         net (fo=1, unplaced)         0.803     1.774    clk_IBUF
                         BUFG (Prop_bufg_I_O)         0.096     1.870 r  clk_IBUF_BUFG_inst/O
                         net (fo=8416, unplaced)      0.584     2.454    clk_IBUF_BUFG
                         FDRE                                         r  input_quarter[1].input_register[0].quarter_inputs_reg[1][0][7]/C
  -------------------------------------------------------------------    -------------------
                         FDRE (Prop_fdre_C_Q)         0.478     2.932 r  input_quarter[1].input_register[0].quarter_inputs_reg[1][0][7]/Q
                         net (fo=74, unplaced)        1.057     3.989    input_quarter[1].input_register[0].quarter_inputs_reg[1][0][7]
                         LUT6 (Prop_lut6_I0_O)        0.295     4.284 r  output_lane[0].input_lane[0].multiplied_reg_i_2/O
                         net (fo=10, unplaced)        0.803     5.087    output_lane[0].input_lane[0].multiplied_reg_i_2_n_0
                         DSP48E1                                      r  output_lane[0].input_lane[0].multiplied_reg/A[10]
  -------------------------------------------------------------------    -------------------

                         (clock clk rise edge)        5.000     5.000 r  
                                                      0.000     5.000 r  clk (IN)
                         net (fo=0)                   0.000     5.000    clk
                         IBUF (Prop_ibuf_I_O)         0.838     5.838 r  clk_IBUF_inst/O
                         net (fo=1, unplaced)         0.763     6.600    clk_IBUF
                         BUFG (Prop_bufg_I_O)         0.091     6.691 r  clk_IBUF_BUFG_inst/O
                         net (fo=8416, unplaced)      0.439     7.130    clk_IBUF_BUFG
                         DSP48E1                                      r  output_lane[0].input_lane[0].multiplied_reg/CLK
                         clock pessimism              0.179     7.309    
                         clock uncertainty           -0.035     7.274    
                         DSP48E1 (Setup_dsp48e1_CLK_A[10])
                                                     -0.362     6.912    output_lane[0].input_lane[0].multiplied_reg
  -------------------------------------------------------------------
                         required time                          6.912    
                         arrival time                          -5.087    
  -------------------------------------------------------------------
                         slack                                  1.825    

Slack (MET) :             1.825ns  (required time - arrival time)
  Source:                 input_quarter[1].input_register[0].quarter_inputs_reg[1][0][7]/C
                            (rising edge-triggered cell FDRE clocked by clk  {rise@0.000ns fall@2.500ns period=5.000ns})
  Destination:            output_lane[0].input_lane[0].multiplied_reg/A[11]
                            (rising edge-triggered cell DSP48E1 clocked by clk  {rise@0.000ns fall@2.500ns period=5.000ns})
  Path Group:             clk
  Path Type:              Setup (Max at Slow Process Corner)
  Requirement:            5.000ns  (clk rise@5.000ns - clk rise@0.000ns)
  Data Path Delay:        2.633ns  (logic 0.773ns (29.360%)  route 1.860ns (70.640%))
  Logic Levels:           1  (LUT6=1)
  Clock Path Skew:        -0.145ns (DCD - SCD + CPR)
    Destination Clock Delay (DCD):    2.130ns = ( 7.130 - 5.000 ) 
    Source Clock Delay      (SCD):    2.454ns
    Clock Pessimism Removal (CPR):    0.179ns
  Clock Uncertainty:      0.035ns  ((TSJ^2 + TIJ^2)^1/2 + DJ) / 2 + PE
    Total System Jitter     (TSJ):    0.071ns
    Total Input Jitter      (TIJ):    0.000ns
    Discrete Jitter          (DJ):    0.000ns
    Phase Error              (PE):    0.000ns

    Location             Delay type                Incr(ns)  Path(ns)    Netlist Resource(s)
  -------------------------------------------------------------------    -------------------
                         (clock clk rise edge)        0.000     0.000 r  
                                                      0.000     0.000 r  clk (IN)
                         net (fo=0)                   0.000     0.000    clk
                         IBUF (Prop_ibuf_I_O)         0.971     0.971 r  clk_IBUF_inst/O
                         net (fo=1, unplaced)         0.803     1.774    clk_IBUF
                         BUFG (Prop_bufg_I_O)         0.096     1.870 r  clk_IBUF_BUFG_inst/O
                         net (fo=8416, unplaced)      0.584     2.454    clk_IBUF_BUFG
                         FDRE                                         r  input_quarter[1].input_register[0].quarter_inputs_reg[1][0][7]/C
  -------------------------------------------------------------------    -------------------
                         FDRE (Prop_fdre_C_Q)         0.478     2.932 r  input_quarter[1].input_register[0].quarter_inputs_reg[1][0][7]/Q
                         net (fo=74, unplaced)        1.057     3.989    input_quarter[1].input_register[0].quarter_inputs_reg[1][0][7]
                         LUT6 (Prop_lut6_I0_O)        0.295     4.284 r  output_lane[0].input_lane[0].multiplied_reg_i_2/O
                         net (fo=10, unplaced)        0.803     5.087    output_lane[0].input_lane[0].multiplied_reg_i_2_n_0
                         DSP48E1                                      r  output_lane[0].input_lane[0].multiplied_reg/A[11]
  -------------------------------------------------------------------    -------------------

                         (clock clk rise edge)        5.000     5.000 r  
                                                      0.000     5.000 r  clk (IN)
                         net (fo=0)                   0.000     5.000    clk
                         IBUF (Prop_ibuf_I_O)         0.838     5.838 r  clk_IBUF_inst/O
                         net (fo=1, unplaced)         0.763     6.600    clk_IBUF
                         BUFG (Prop_bufg_I_O)         0.091     6.691 r  clk_IBUF_BUFG_inst/O
                         net (fo=8416, unplaced)      0.439     7.130    clk_IBUF_BUFG
                         DSP48E1                                      r  output_lane[0].input_lane[0].multiplied_reg/CLK
                         clock pessimism              0.179     7.309    
                         clock uncertainty           -0.035     7.274    
                         DSP48E1 (Setup_dsp48e1_CLK_A[11])
                                                     -0.362     6.912    output_lane[0].input_lane[0].multiplied_reg
  -------------------------------------------------------------------
                         required time                          6.912    
                         arrival time                          -5.087    
  -------------------------------------------------------------------
                         slack                                  1.825    

Slack (MET) :             1.825ns  (required time - arrival time)
  Source:                 input_quarter[1].input_register[0].quarter_inputs_reg[1][0][7]/C
                            (rising edge-triggered cell FDRE clocked by clk  {rise@0.000ns fall@2.500ns period=5.000ns})
  Destination:            output_lane[0].input_lane[0].multiplied_reg/A[12]
                            (rising edge-triggered cell DSP48E1 clocked by clk  {rise@0.000ns fall@2.500ns period=5.000ns})
  Path Group:             clk
  Path Type:              Setup (Max at Slow Process Corner)
  Requirement:            5.000ns  (clk rise@5.000ns - clk rise@0.000ns)
  Data Path Delay:        2.633ns  (logic 0.773ns (29.360%)  route 1.860ns (70.640%))
  Logic Levels:           1  (LUT6=1)
  Clock Path Skew:        -0.145ns (DCD - SCD + CPR)
    Destination Clock Delay (DCD):    2.130ns = ( 7.130 - 5.000 ) 
    Source Clock Delay      (SCD):    2.454ns
    Clock Pessimism Removal (CPR):    0.179ns
  Clock Uncertainty:      0.035ns  ((TSJ^2 + TIJ^2)^1/2 + DJ) / 2 + PE
    Total System Jitter     (TSJ):    0.071ns
    Total Input Jitter      (TIJ):    0.000ns
    Discrete Jitter          (DJ):    0.000ns
    Phase Error              (PE):    0.000ns

    Location             Delay type                Incr(ns)  Path(ns)    Netlist Resource(s)
  -------------------------------------------------------------------    -------------------
                         (clock clk rise edge)        0.000     0.000 r  
                                                      0.000     0.000 r  clk (IN)
                         net (fo=0)                   0.000     0.000    clk
                         IBUF (Prop_ibuf_I_O)         0.971     0.971 r  clk_IBUF_inst/O
                         net (fo=1, unplaced)         0.803     1.774    clk_IBUF
                         BUFG (Prop_bufg_I_O)         0.096     1.870 r  clk_IBUF_BUFG_inst/O
                         net (fo=8416, unplaced)      0.584     2.454    clk_IBUF_BUFG
                         FDRE                                         r  input_quarter[1].input_register[0].quarter_inputs_reg[1][0][7]/C
  -------------------------------------------------------------------    -------------------
                         FDRE (Prop_fdre_C_Q)         0.478     2.932 r  input_quarter[1].input_register[0].quarter_inputs_reg[1][0][7]/Q
                         net (fo=74, unplaced)        1.057     3.989    input_quarter[1].input_register[0].quarter_inputs_reg[1][0][7]
                         LUT6 (Prop_lut6_I0_O)        0.295     4.284 r  output_lane[0].input_lane[0].multiplied_reg_i_2/O
                         net (fo=10, unplaced)        0.803     5.087    output_lane[0].input_lane[0].multiplied_reg_i_2_n_0
                         DSP48E1                                      r  output_lane[0].input_lane[0].multiplied_reg/A[12]
  -------------------------------------------------------------------    -------------------

                         (clock clk rise edge)        5.000     5.000 r  
                                                      0.000     5.000 r  clk (IN)
                         net (fo=0)                   0.000     5.000    clk
                         IBUF (Prop_ibuf_I_O)         0.838     5.838 r  clk_IBUF_inst/O
                         net (fo=1, unplaced)         0.763     6.600    clk_IBUF
                         BUFG (Prop_bufg_I_O)         0.091     6.691 r  clk_IBUF_BUFG_inst/O
                         net (fo=8416, unplaced)      0.439     7.130    clk_IBUF_BUFG
                         DSP48E1                                      r  output_lane[0].input_lane[0].multiplied_reg/CLK
                         clock pessimism              0.179     7.309    
                         clock uncertainty           -0.035     7.274    
                         DSP48E1 (Setup_dsp48e1_CLK_A[12])
                                                     -0.362     6.912    output_lane[0].input_lane[0].multiplied_reg
  -------------------------------------------------------------------
                         required time                          6.912    
                         arrival time                          -5.087    
  -------------------------------------------------------------------
                         slack                                  1.825    

Slack (MET) :             1.825ns  (required time - arrival time)
  Source:                 input_quarter[1].input_register[0].quarter_inputs_reg[1][0][7]/C
                            (rising edge-triggered cell FDRE clocked by clk  {rise@0.000ns fall@2.500ns period=5.000ns})
  Destination:            output_lane[0].input_lane[0].multiplied_reg/A[13]
                            (rising edge-triggered cell DSP48E1 clocked by clk  {rise@0.000ns fall@2.500ns period=5.000ns})
  Path Group:             clk
  Path Type:              Setup (Max at Slow Process Corner)
  Requirement:            5.000ns  (clk rise@5.000ns - clk rise@0.000ns)
  Data Path Delay:        2.633ns  (logic 0.773ns (29.360%)  route 1.860ns (70.640%))
  Logic Levels:           1  (LUT6=1)
  Clock Path Skew:        -0.145ns (DCD - SCD + CPR)
    Destination Clock Delay (DCD):    2.130ns = ( 7.130 - 5.000 ) 
    Source Clock Delay      (SCD):    2.454ns
    Clock Pessimism Removal (CPR):    0.179ns
  Clock Uncertainty:      0.035ns  ((TSJ^2 + TIJ^2)^1/2 + DJ) / 2 + PE
    Total System Jitter     (TSJ):    0.071ns
    Total Input Jitter      (TIJ):    0.000ns
    Discrete Jitter          (DJ):    0.000ns
    Phase Error              (PE):    0.000ns

    Location             Delay type                Incr(ns)  Path(ns)    Netlist Resource(s)
  -------------------------------------------------------------------    -------------------
                         (clock clk rise edge)        0.000     0.000 r  
                                                      0.000     0.000 r  clk (IN)
                         net (fo=0)                   0.000     0.000    clk
                         IBUF (Prop_ibuf_I_O)         0.971     0.971 r  clk_IBUF_inst/O
                         net (fo=1, unplaced)         0.803     1.774    clk_IBUF
                         BUFG (Prop_bufg_I_O)         0.096     1.870 r  clk_IBUF_BUFG_inst/O
                         net (fo=8416, unplaced)      0.584     2.454    clk_IBUF_BUFG
                         FDRE                                         r  input_quarter[1].input_register[0].quarter_inputs_reg[1][0][7]/C
  -------------------------------------------------------------------    -------------------
                         FDRE (Prop_fdre_C_Q)         0.478     2.932 r  input_quarter[1].input_register[0].quarter_inputs_reg[1][0][7]/Q
                         net (fo=74, unplaced)        1.057     3.989    input_quarter[1].input_register[0].quarter_inputs_reg[1][0][7]
                         LUT6 (Prop_lut6_I0_O)        0.295     4.284 r  output_lane[0].input_lane[0].multiplied_reg_i_2/O
                         net (fo=10, unplaced)        0.803     5.087    output_lane[0].input_lane[0].multiplied_reg_i_2_n_0
                         DSP48E1                                      r  output_lane[0].input_lane[0].multiplied_reg/A[13]
  -------------------------------------------------------------------    -------------------

                         (clock clk rise edge)        5.000     5.000 r  
                                                      0.000     5.000 r  clk (IN)
                         net (fo=0)                   0.000     5.000    clk
                         IBUF (Prop_ibuf_I_O)         0.838     5.838 r  clk_IBUF_inst/O
                         net (fo=1, unplaced)         0.763     6.600    clk_IBUF
                         BUFG (Prop_bufg_I_O)         0.091     6.691 r  clk_IBUF_BUFG_inst/O
                         net (fo=8416, unplaced)      0.439     7.130    clk_IBUF_BUFG
                         DSP48E1                                      r  output_lane[0].input_lane[0].multiplied_reg/CLK
                         clock pessimism              0.179     7.309    
                         clock uncertainty           -0.035     7.274    
                         DSP48E1 (Setup_dsp48e1_CLK_A[13])
                                                     -0.362     6.912    output_lane[0].input_lane[0].multiplied_reg
  -------------------------------------------------------------------
                         required time                          6.912    
                         arrival time                          -5.087    
  -------------------------------------------------------------------
                         slack                                  1.825    

Slack (MET) :             1.825ns  (required time - arrival time)
  Source:                 input_quarter[1].input_register[0].quarter_inputs_reg[1][0][7]/C
                            (rising edge-triggered cell FDRE clocked by clk  {rise@0.000ns fall@2.500ns period=5.000ns})
  Destination:            output_lane[0].input_lane[0].multiplied_reg/A[14]
                            (rising edge-triggered cell DSP48E1 clocked by clk  {rise@0.000ns fall@2.500ns period=5.000ns})
  Path Group:             clk
  Path Type:              Setup (Max at Slow Process Corner)
  Requirement:            5.000ns  (clk rise@5.000ns - clk rise@0.000ns)
  Data Path Delay:        2.633ns  (logic 0.773ns (29.360%)  route 1.860ns (70.640%))
  Logic Levels:           1  (LUT6=1)
  Clock Path Skew:        -0.145ns (DCD - SCD + CPR)
    Destination Clock Delay (DCD):    2.130ns = ( 7.130 - 5.000 ) 
    Source Clock Delay      (SCD):    2.454ns
    Clock Pessimism Removal (CPR):    0.179ns
  Clock Uncertainty:      0.035ns  ((TSJ^2 + TIJ^2)^1/2 + DJ) / 2 + PE
    Total System Jitter     (TSJ):    0.071ns
    Total Input Jitter      (TIJ):    0.000ns
    Discrete Jitter          (DJ):    0.000ns
    Phase Error              (PE):    0.000ns

    Location             Delay type                Incr(ns)  Path(ns)    Netlist Resource(s)
  -------------------------------------------------------------------    -------------------
                         (clock clk rise edge)        0.000     0.000 r  
                                                      0.000     0.000 r  clk (IN)
                         net (fo=0)                   0.000     0.000    clk
                         IBUF (Prop_ibuf_I_O)         0.971     0.971 r  clk_IBUF_inst/O
                         net (fo=1, unplaced)         0.803     1.774    clk_IBUF
                         BUFG (Prop_bufg_I_O)         0.096     1.870 r  clk_IBUF_BUFG_inst/O
                         net (fo=8416, unplaced)      0.584     2.454    clk_IBUF_BUFG
                         FDRE                                         r  input_quarter[1].input_register[0].quarter_inputs_reg[1][0][7]/C
  -------------------------------------------------------------------    -------------------
                         FDRE (Prop_fdre_C_Q)         0.478     2.932 r  input_quarter[1].input_register[0].quarter_inputs_reg[1][0][7]/Q
                         net (fo=74, unplaced)        1.057     3.989    input_quarter[1].input_register[0].quarter_inputs_reg[1][0][7]
                         LUT6 (Prop_lut6_I0_O)        0.295     4.284 r  output_lane[0].input_lane[0].multiplied_reg_i_2/O
                         net (fo=10, unplaced)        0.803     5.087    output_lane[0].input_lane[0].multiplied_reg_i_2_n_0
                         DSP48E1                                      r  output_lane[0].input_lane[0].multiplied_reg/A[14]
  -------------------------------------------------------------------    -------------------

                         (clock clk rise edge)        5.000     5.000 r  
                                                      0.000     5.000 r  clk (IN)
                         net (fo=0)                   0.000     5.000    clk
                         IBUF (Prop_ibuf_I_O)         0.838     5.838 r  clk_IBUF_inst/O
                         net (fo=1, unplaced)         0.763     6.600    clk_IBUF
                         BUFG (Prop_bufg_I_O)         0.091     6.691 r  clk_IBUF_BUFG_inst/O
                         net (fo=8416, unplaced)      0.439     7.130    clk_IBUF_BUFG
                         DSP48E1                                      r  output_lane[0].input_lane[0].multiplied_reg/CLK
                         clock pessimism              0.179     7.309    
                         clock uncertainty           -0.035     7.274    
                         DSP48E1 (Setup_dsp48e1_CLK_A[14])
                                                     -0.362     6.912    output_lane[0].input_lane[0].multiplied_reg
  -------------------------------------------------------------------
                         required time                          6.912    
                         arrival time                          -5.087    
  -------------------------------------------------------------------
                         slack                                  1.825    




